// Jest Snapshot v1, https://goo.gl/fbAQLP

exports[`InfoWindow matches snapshot 1`] = `null`;
